// Jest Snapshot v1, https://goo.gl/fbAQLP

exports[`AddItemSuccessModal component Snapshot 1`] = `
Object {
  "asFragment": [Function],
  "baseElement": <body>
    <div>
      <p
        class="title title--h4"
      >
        Товар успешно добавлен в корзину
      </p>
      <svg
        aria-hidden="true"
        class="modal__icon"
        height="80"
        width="86"
      >
        <use
          xlink:href="#icon-success"
        />
      </svg>
      <div
        class="modal__buttons"
      >
        <button
          class="btn btn--transparent modal__btn"
        >
          Продолжить покупки
        </button>
        <button
          class="btn btn--purple modal__btn modal__btn--fit-width"
        >
          Перейти в корзину
        </button>
      </div>
    </div>
  </body>,
  "container": <div>
    <p
      class="title title--h4"
    >
      Товар успешно добавлен в корзину
    </p>
    <svg
      aria-hidden="true"
      class="modal__icon"
      height="80"
      width="86"
    >
      <use
        xlink:href="#icon-success"
      />
    </svg>
    <div
      class="modal__buttons"
    >
      <button
        class="btn btn--transparent modal__btn"
      >
        Продолжить покупки
      </button>
      <button
        class="btn btn--purple modal__btn modal__btn--fit-width"
      >
        Перейти в корзину
      </button>
    </div>
  </div>,
  "debug": [Function],
  "findAllByAltText": [Function],
  "findAllByDisplayValue": [Function],
  "findAllByLabelText": [Function],
  "findAllByPlaceholderText": [Function],
  "findAllByRole": [Function],
  "findAllByTestId": [Function],
  "findAllByText": [Function],
  "findAllByTitle": [Function],
  "findByAltText": [Function],
  "findByDisplayValue": [Function],
  "findByLabelText": [Function],
  "findByPlaceholderText": [Function],
  "findByRole": [Function],
  "findByTestId": [Function],
  "findByText": [Function],
  "findByTitle": [Function],
  "getAllByAltText": [Function],
  "getAllByDisplayValue": [Function],
  "getAllByLabelText": [Function],
  "getAllByPlaceholderText": [Function],
  "getAllByRole": [Function],
  "getAllByTestId": [Function],
  "getAllByText": [Function],
  "getAllByTitle": [Function],
  "getByAltText": [Function],
  "getByDisplayValue": [Function],
  "getByLabelText": [Function],
  "getByPlaceholderText": [Function],
  "getByRole": [Function],
  "getByTestId": [Function],
  "getByText": [Function],
  "getByTitle": [Function],
  "queryAllByAltText": [Function],
  "queryAllByDisplayValue": [Function],
  "queryAllByLabelText": [Function],
  "queryAllByPlaceholderText": [Function],
  "queryAllByRole": [Function],
  "queryAllByTestId": [Function],
  "queryAllByText": [Function],
  "queryAllByTitle": [Function],
  "queryByAltText": [Function],
  "queryByDisplayValue": [Function],
  "queryByLabelText": [Function],
  "queryByPlaceholderText": [Function],
  "queryByRole": [Function],
  "queryByTestId": [Function],
  "queryByText": [Function],
  "queryByTitle": [Function],
  "rerender": [Function],
  "unmount": [Function],
}
`;
